===============================================================================
IMAGE2VOXEL TRAINING JOB
Started: Sat Dec  6 14:42:16 CST 2025
Node: c318-001.ls6.tacc.utexas.edu
CUDA version:
nvcc: NVIDIA (R) Cuda compiler driver
Copyright (c) 2005-2023 NVIDIA Corporation
Built on Tue_Jul_11_02:20:44_PDT_2023
Cuda compilation tools, release 12.2, V12.2.128
Build cuda_12.2.r12.2/compiler.33053471_0
===============================================================================
Dataset mode:  train
[Dataset Loaded] train: 61000 image-voxel pairs loaded.
Dataset mode:  test
[Dataset Loaded] test: 6780 image-voxel pairs loaded.
Train samples: 61000, Test samples: 6780
Using device: cuda
  Batch 1/318 - Loss: 0.7625
  Batch 11/318 - Loss: 0.5895
  Batch 21/318 - Loss: 0.5173
  Batch 31/318 - Loss: 0.4383
  Batch 41/318 - Loss: 0.3933
  Batch 51/318 - Loss: 0.3637
  Batch 61/318 - Loss: 0.3041
  Batch 71/318 - Loss: 0.2739
  Batch 81/318 - Loss: 0.2670
  Batch 91/318 - Loss: 0.2707
  Batch 101/318 - Loss: 0.2409
  Batch 111/318 - Loss: 0.2231
  Batch 121/318 - Loss: 0.2346
  Batch 131/318 - Loss: 0.2321
  Batch 141/318 - Loss: 0.2230
  Batch 151/318 - Loss: 0.2134
  Batch 161/318 - Loss: 0.2221
  Batch 171/318 - Loss: 0.2134
  Batch 181/318 - Loss: 0.2096
  Batch 191/318 - Loss: 0.2079
  Batch 201/318 - Loss: 0.2225
  Batch 211/318 - Loss: 0.2117
  Batch 221/318 - Loss: 0.1958
  Batch 231/318 - Loss: 0.2034
  Batch 241/318 - Loss: 0.2036
  Batch 251/318 - Loss: 0.2182
  Batch 261/318 - Loss: 0.1956
  Batch 271/318 - Loss: 0.2223
  Batch 281/318 - Loss: 0.1920
  Batch 291/318 - Loss: 0.2108
  Batch 301/318 - Loss: 0.2092
  Batch 311/318 - Loss: 0.1929
Epoch 1/50 - Train Loss: 0.2687 - 
Validation Loss: 0.2006 - Validation IoU: 0.2827
  Batch 1/318 - Loss: 0.1995
  Batch 11/318 - Loss: 0.3479
  Batch 21/318 - Loss: 0.2946
  Batch 31/318 - Loss: 0.3062
  Batch 41/318 - Loss: 0.2786
  Batch 51/318 - Loss: 0.2783
  Batch 61/318 - Loss: 0.2700
  Batch 71/318 - Loss: 0.3150
  Batch 81/318 - Loss: 0.2777
  Batch 91/318 - Loss: 0.2729
  Batch 101/318 - Loss: 0.2945
  Batch 111/318 - Loss: 0.2908
  Batch 121/318 - Loss: 0.2589
  Batch 131/318 - Loss: 0.2576
  Batch 141/318 - Loss: 0.2997
  Batch 151/318 - Loss: 0.2613
  Batch 161/318 - Loss: 0.2716
  Batch 171/318 - Loss: 0.2717
  Batch 181/318 - Loss: 0.2498
  Batch 191/318 - Loss: 0.2597
  Batch 201/318 - Loss: 0.2615
  Batch 211/318 - Loss: 0.2399
  Batch 221/318 - Loss: 0.2569
  Batch 231/318 - Loss: 0.2383
  Batch 241/318 - Loss: 0.2361
  Batch 251/318 - Loss: 0.2461
  Batch 261/318 - Loss: 0.2440
  Batch 271/318 - Loss: 0.2501
  Batch 281/318 - Loss: 0.2423
  Batch 291/318 - Loss: 0.2379
  Batch 301/318 - Loss: 0.2180
  Batch 311/318 - Loss: 0.2513
Epoch 2/50 - Train Loss: 0.2761 - 
Validation Loss: 0.2285 - Validation IoU: 0.0379
  Batch 1/318 - Loss: 0.2354
  Batch 11/318 - Loss: 0.2472
  Batch 21/318 - Loss: 0.2217
  Batch 31/318 - Loss: 0.2305
  Batch 41/318 - Loss: 0.2389
  Batch 51/318 - Loss: 0.2221
  Batch 61/318 - Loss: 0.2242
  Batch 71/318 - Loss: 0.2158
  Batch 81/318 - Loss: 0.2327
  Batch 91/318 - Loss: 0.2077
  Batch 101/318 - Loss: 0.2368
  Batch 111/318 - Loss: 0.2181
  Batch 121/318 - Loss: 0.2057
  Batch 131/318 - Loss: 0.2238
  Batch 141/318 - Loss: 0.2306
  Batch 151/318 - Loss: 0.2245
  Batch 161/318 - Loss: 0.2341
  Batch 171/318 - Loss: 0.2011
  Batch 181/318 - Loss: 0.2275
  Batch 191/318 - Loss: 0.2416
  Batch 201/318 - Loss: 0.2325
  Batch 211/318 - Loss: 0.2311
  Batch 221/318 - Loss: 0.2291
  Batch 231/318 - Loss: 0.2167
  Batch 241/318 - Loss: 0.2081
  Batch 251/318 - Loss: 0.2311
  Batch 261/318 - Loss: 0.2162
  Batch 271/318 - Loss: 0.2238
  Batch 281/318 - Loss: 0.2098
  Batch 291/318 - Loss: 0.2216
  Batch 301/318 - Loss: 0.2407
  Batch 311/318 - Loss: 0.2153
Epoch 3/50 - Train Loss: 0.2246 - 
Validation Loss: 0.2121 - Validation IoU: 0.0896
  Batch 1/318 - Loss: 0.2173
  Batch 11/318 - Loss: 0.2120
  Batch 21/318 - Loss: 0.2286
  Batch 31/318 - Loss: 0.2200
  Batch 41/318 - Loss: 0.1978
  Batch 51/318 - Loss: 0.2089
  Batch 61/318 - Loss: 0.2081
  Batch 71/318 - Loss: 0.2158
  Batch 81/318 - Loss: 0.1956
  Batch 91/318 - Loss: 0.2007
  Batch 101/318 - Loss: 0.1968
  Batch 111/318 - Loss: 0.2123
  Batch 121/318 - Loss: 0.2086
  Batch 131/318 - Loss: 0.2131
  Batch 141/318 - Loss: 0.2032
  Batch 151/318 - Loss: 0.2058
  Batch 161/318 - Loss: 0.1887
  Batch 171/318 - Loss: 0.2212
  Batch 181/318 - Loss: 0.1964
  Batch 191/318 - Loss: 0.2356
  Batch 201/318 - Loss: 0.2000
  Batch 211/318 - Loss: 0.2109
  Batch 221/318 - Loss: 0.1929
  Batch 231/318 - Loss: 0.1975
  Batch 241/318 - Loss: 0.1996
  Batch 251/318 - Loss: 0.2090
  Batch 261/318 - Loss: 0.1982
  Batch 271/318 - Loss: 0.2133
  Batch 281/318 - Loss: 0.2131
  Batch 291/318 - Loss: 0.2133
  Batch 301/318 - Loss: 0.2243
  Batch 311/318 - Loss: 0.2226
Epoch 4/50 - Train Loss: 0.2080 - 
Validation Loss: 0.2119 - Validation IoU: 0.3316
  Batch 1/318 - Loss: 0.2091
  Batch 11/318 - Loss: 0.2158
  Batch 21/318 - Loss: 0.1969
  Batch 31/318 - Loss: 0.2108
  Batch 41/318 - Loss: 0.2173
  Batch 51/318 - Loss: 0.1990
  Batch 61/318 - Loss: 0.2004
  Batch 71/318 - Loss: 0.2072
  Batch 81/318 - Loss: 0.2039
  Batch 91/318 - Loss: 0.2029
  Batch 101/318 - Loss: 0.2088
  Batch 111/318 - Loss: 0.2072
  Batch 121/318 - Loss: 0.2003
  Batch 131/318 - Loss: 0.2100
  Batch 141/318 - Loss: 0.1932
  Batch 151/318 - Loss: 0.1919
  Batch 161/318 - Loss: 0.1875
  Batch 171/318 - Loss: 0.1993
  Batch 181/318 - Loss: 0.2247
  Batch 191/318 - Loss: 0.2029
  Batch 201/318 - Loss: 0.1924
  Batch 211/318 - Loss: 0.1924
  Batch 221/318 - Loss: 0.2014
  Batch 231/318 - Loss: 0.2032
  Batch 241/318 - Loss: 0.1954
  Batch 251/318 - Loss: 0.2056
  Batch 261/318 - Loss: 0.1981
  Batch 271/318 - Loss: 0.2058
  Batch 281/318 - Loss: 0.1938
  Batch 291/318 - Loss: 0.1905
  Batch 301/318 - Loss: 0.2037
  Batch 311/318 - Loss: 0.1896
Epoch 5/50 - Train Loss: 0.1979 - 
Validation Loss: 0.1893 - Validation IoU: 0.3037
  Batch 1/318 - Loss: 0.1875
  Batch 11/318 - Loss: 0.1913
  Batch 21/318 - Loss: 0.1899
  Batch 31/318 - Loss: 0.1824
  Batch 41/318 - Loss: 0.1833
  Batch 51/318 - Loss: 0.1891
  Batch 61/318 - Loss: 0.2006
  Batch 71/318 - Loss: 0.1736
  Batch 81/318 - Loss: 0.1942
  Batch 91/318 - Loss: 0.1755
  Batch 101/318 - Loss: 0.1915
  Batch 111/318 - Loss: 0.1844
  Batch 121/318 - Loss: 0.1781
  Batch 131/318 - Loss: 0.1927
  Batch 141/318 - Loss: 0.1778
  Batch 151/318 - Loss: 0.1739
  Batch 161/318 - Loss: 0.1883
  Batch 171/318 - Loss: 0.1764
  Batch 181/318 - Loss: 0.1896
  Batch 191/318 - Loss: 0.1808
  Batch 201/318 - Loss: 0.1784
  Batch 211/318 - Loss: 0.1850
  Batch 221/318 - Loss: 0.1836
  Batch 231/318 - Loss: 0.1679
  Batch 241/318 - Loss: 0.1901
  Batch 251/318 - Loss: 0.1854
  Batch 261/318 - Loss: 0.1849
  Batch 271/318 - Loss: 0.1802
  Batch 281/318 - Loss: 0.1930
  Batch 291/318 - Loss: 0.1784
  Batch 301/318 - Loss: 0.1830
  Batch 311/318 - Loss: 0.1677
Epoch 6/50 - Train Loss: 0.1878 - 
Validation Loss: 0.1781 - Validation IoU: 0.3053
  Batch 1/318 - Loss: 0.1759
  Batch 11/318 - Loss: 0.1812
  Batch 21/318 - Loss: 0.1738
  Batch 31/318 - Loss: 0.1902
  Batch 41/318 - Loss: 0.1683
  Batch 51/318 - Loss: 0.1947
  Batch 61/318 - Loss: 0.1833
  Batch 71/318 - Loss: 0.1798
  Batch 81/318 - Loss: 0.1871
  Batch 91/318 - Loss: 0.1631
  Batch 101/318 - Loss: 0.1757
  Batch 111/318 - Loss: 0.1736
  Batch 121/318 - Loss: 0.1687
  Batch 131/318 - Loss: 0.1870
  Batch 141/318 - Loss: 0.1737
  Batch 151/318 - Loss: 0.1755
  Batch 161/318 - Loss: 0.1759
  Batch 171/318 - Loss: 0.1766
  Batch 181/318 - Loss: 0.1664
  Batch 191/318 - Loss: 0.1838
  Batch 201/318 - Loss: 0.1770
  Batch 211/318 - Loss: 0.1974
  Batch 221/318 - Loss: 0.1752
  Batch 231/318 - Loss: 0.1875
  Batch 241/318 - Loss: 0.1895
  Batch 251/318 - Loss: 0.1770
  Batch 261/318 - Loss: 0.1689
  Batch 271/318 - Loss: 0.1690
  Batch 281/318 - Loss: 0.1926
  Batch 291/318 - Loss: 0.1787
  Batch 301/318 - Loss: 0.1795
  Batch 311/318 - Loss: 0.1609
Epoch 7/50 - Train Loss: 0.1779 - 
Validation Loss: 0.1718 - Validation IoU: 0.3213
  Batch 1/318 - Loss: 0.1872
  Batch 11/318 - Loss: 0.1779
  Batch 21/318 - Loss: 0.1803
  Batch 31/318 - Loss: 0.1687
  Batch 41/318 - Loss: 0.1838
  Batch 51/318 - Loss: 0.1743
  Batch 61/318 - Loss: 0.1768
  Batch 71/318 - Loss: 0.1816
  Batch 81/318 - Loss: 0.1709
  Batch 91/318 - Loss: 0.1637
  Batch 101/318 - Loss: 0.1813
  Batch 111/318 - Loss: 0.1880
  Batch 121/318 - Loss: 0.1754
  Batch 131/318 - Loss: 0.1693
  Batch 141/318 - Loss: 0.1793
  Batch 151/318 - Loss: 0.1726
  Batch 161/318 - Loss: 0.1787
  Batch 171/318 - Loss: 0.1682
  Batch 181/318 - Loss: 0.1723
  Batch 191/318 - Loss: 0.1790
  Batch 201/318 - Loss: 0.1607
  Batch 211/318 - Loss: 0.1597
  Batch 221/318 - Loss: 0.1738
  Batch 231/318 - Loss: 0.1759
  Batch 241/318 - Loss: 0.1579
  Batch 251/318 - Loss: 0.1697
  Batch 261/318 - Loss: 0.1684
  Batch 271/318 - Loss: 0.1841
  Batch 281/318 - Loss: 0.1689
  Batch 291/318 - Loss: 0.1732
  Batch 301/318 - Loss: 0.1649
  Batch 311/318 - Loss: 0.1683
Epoch 8/50 - Train Loss: 0.1710 - 
Validation Loss: 0.1704 - Validation IoU: 0.3308
  Batch 1/318 - Loss: 0.1765
  Batch 11/318 - Loss: 0.1667
  Batch 21/318 - Loss: 0.1670
  Batch 31/318 - Loss: 0.1607
  Batch 41/318 - Loss: 0.1606
  Batch 51/318 - Loss: 0.1726
  Batch 61/318 - Loss: 0.1651
  Batch 71/318 - Loss: 0.1777
  Batch 81/318 - Loss: 0.1548
  Batch 91/318 - Loss: 0.1707
  Batch 101/318 - Loss: 0.1921
  Batch 111/318 - Loss: 0.1715
  Batch 121/318 - Loss: 0.1691
  Batch 131/318 - Loss: 0.1728
  Batch 141/318 - Loss: 0.1651
  Batch 151/318 - Loss: 0.1606
  Batch 161/318 - Loss: 0.1776
  Batch 171/318 - Loss: 0.1577
  Batch 181/318 - Loss: 0.1804
  Batch 191/318 - Loss: 0.1845
  Batch 201/318 - Loss: 0.1600
  Batch 211/318 - Loss: 0.1699
  Batch 221/318 - Loss: 0.1569
  Batch 231/318 - Loss: 0.1806
  Batch 241/318 - Loss: 0.1612
  Batch 251/318 - Loss: 0.1634
  Batch 261/318 - Loss: 0.1675
  Batch 271/318 - Loss: 0.1718
  Batch 281/318 - Loss: 0.1638
  Batch 291/318 - Loss: 0.1431
  Batch 301/318 - Loss: 0.1610
  Batch 311/318 - Loss: 0.1543
Epoch 9/50 - Train Loss: 0.1660 - 
Validation Loss: 0.1655 - Validation IoU: 0.3966
  Batch 1/318 - Loss: 0.1507
  Batch 11/318 - Loss: 0.1724
  Batch 21/318 - Loss: 0.1661
  Batch 31/318 - Loss: 0.1606
  Batch 41/318 - Loss: 0.1699
  Batch 51/318 - Loss: 0.1575
  Batch 61/318 - Loss: 0.1549
  Batch 71/318 - Loss: 0.1642
  Batch 81/318 - Loss: 0.1621
  Batch 91/318 - Loss: 0.1599
  Batch 101/318 - Loss: 0.1526
  Batch 111/318 - Loss: 0.1573
  Batch 121/318 - Loss: 0.1585
  Batch 131/318 - Loss: 0.1581
  Batch 141/318 - Loss: 0.1600
  Batch 151/318 - Loss: 0.1565
  Batch 161/318 - Loss: 0.1632
  Batch 171/318 - Loss: 0.1616
  Batch 181/318 - Loss: 0.1719
  Batch 191/318 - Loss: 0.1766
  Batch 201/318 - Loss: 0.1701
  Batch 211/318 - Loss: 0.1575
  Batch 221/318 - Loss: 0.1653
  Batch 231/318 - Loss: 0.1570
  Batch 241/318 - Loss: 0.1539
  Batch 251/318 - Loss: 0.1721
  Batch 261/318 - Loss: 0.1631
  Batch 271/318 - Loss: 0.1593
  Batch 281/318 - Loss: 0.1598
  Batch 291/318 - Loss: 0.1665
  Batch 301/318 - Loss: 0.1559
  Batch 311/318 - Loss: 0.1488
Epoch 10/50 - Train Loss: 0.1613 - 
Validation Loss: 0.1604 - Validation IoU: 0.4078
  Batch 1/318 - Loss: 0.1619
  Batch 11/318 - Loss: 0.1453
  Batch 21/318 - Loss: 0.1503
  Batch 31/318 - Loss: 0.1565
  Batch 41/318 - Loss: 0.1519
  Batch 51/318 - Loss: 0.1729
  Batch 61/318 - Loss: 0.1576
  Batch 71/318 - Loss: 0.1984
  Batch 81/318 - Loss: 0.1578
  Batch 91/318 - Loss: 0.1525
  Batch 101/318 - Loss: 0.1713
  Batch 111/318 - Loss: 0.1538
  Batch 121/318 - Loss: 0.1461
  Batch 131/318 - Loss: 0.1681
  Batch 141/318 - Loss: 0.1701
  Batch 151/318 - Loss: 0.1463
  Batch 161/318 - Loss: 0.1479
  Batch 171/318 - Loss: 0.1569
  Batch 181/318 - Loss: 0.1411
  Batch 191/318 - Loss: 0.1647
  Batch 201/318 - Loss: 0.1625
  Batch 211/318 - Loss: 0.1591
  Batch 221/318 - Loss: 0.1554
  Batch 231/318 - Loss: 0.1614
  Batch 241/318 - Loss: 0.1578
  Batch 251/318 - Loss: 0.1671
  Batch 261/318 - Loss: 0.1496
  Batch 271/318 - Loss: 0.1506
  Batch 281/318 - Loss: 0.1726
  Batch 291/318 - Loss: 0.1658
  Batch 301/318 - Loss: 0.1532
  Batch 311/318 - Loss: 0.1567
Epoch 11/50 - Train Loss: 0.1573 - 
Validation Loss: 0.1574 - Validation IoU: 0.4046
  Batch 1/318 - Loss: 0.1603
  Batch 11/318 - Loss: 0.1680
  Batch 21/318 - Loss: 0.1517
  Batch 31/318 - Loss: 0.1603
  Batch 41/318 - Loss: 0.1621
  Batch 51/318 - Loss: 0.1488
  Batch 61/318 - Loss: 0.1458
  Batch 71/318 - Loss: 0.1672
  Batch 81/318 - Loss: 0.1655
  Batch 91/318 - Loss: 0.1524
  Batch 101/318 - Loss: 0.1560
  Batch 111/318 - Loss: 0.1529
  Batch 121/318 - Loss: 0.1509
  Batch 131/318 - Loss: 0.1517
  Batch 141/318 - Loss: 0.1398
  Batch 151/318 - Loss: 0.1556
  Batch 161/318 - Loss: 0.1457
  Batch 171/318 - Loss: 0.1560
  Batch 181/318 - Loss: 0.1593
  Batch 191/318 - Loss: 0.1597
  Batch 201/318 - Loss: 0.1652
  Batch 211/318 - Loss: 0.1468
  Batch 221/318 - Loss: 0.1598
  Batch 231/318 - Loss: 0.1623
  Batch 241/318 - Loss: 0.1385
  Batch 251/318 - Loss: 0.1572
  Batch 261/318 - Loss: 0.1646
  Batch 271/318 - Loss: 0.1652
  Batch 281/318 - Loss: 0.1693
  Batch 291/318 - Loss: 0.1438
  Batch 301/318 - Loss: 0.1645
  Batch 311/318 - Loss: 0.1433
Epoch 12/50 - Train Loss: 0.1538 - 
Validation Loss: 0.1559 - Validation IoU: 0.3880
  Batch 1/318 - Loss: 0.1501
  Batch 11/318 - Loss: 0.1345
  Batch 21/318 - Loss: 0.1496
  Batch 31/318 - Loss: 0.1483
  Batch 41/318 - Loss: 0.1498
  Batch 51/318 - Loss: 0.1337
  Batch 61/318 - Loss: 0.1563
  Batch 71/318 - Loss: 0.1568
  Batch 81/318 - Loss: 0.1453
  Batch 91/318 - Loss: 0.1569
  Batch 101/318 - Loss: 0.1429
  Batch 111/318 - Loss: 0.1398
  Batch 121/318 - Loss: 0.1333
  Batch 131/318 - Loss: 0.1563
  Batch 141/318 - Loss: 0.1567
  Batch 151/318 - Loss: 0.1560
  Batch 161/318 - Loss: 0.1496
  Batch 171/318 - Loss: 0.1388
  Batch 181/318 - Loss: 0.1618
  Batch 191/318 - Loss: 0.1622
  Batch 201/318 - Loss: 0.1608
  Batch 211/318 - Loss: 0.1532
  Batch 221/318 - Loss: 0.1554
  Batch 231/318 - Loss: 0.1412
  Batch 241/318 - Loss: 0.1540
  Batch 251/318 - Loss: 0.1347
  Batch 261/318 - Loss: 0.1383
  Batch 271/318 - Loss: 0.1357
  Batch 281/318 - Loss: 0.1428
  Batch 291/318 - Loss: 0.1481
  Batch 301/318 - Loss: 0.1424
  Batch 311/318 - Loss: 0.1535
Epoch 13/50 - Train Loss: 0.1502 - 
Validation Loss: 0.1577 - Validation IoU: 0.4437
  Batch 1/318 - Loss: 0.1503
  Batch 11/318 - Loss: 0.1486
  Batch 21/318 - Loss: 0.1502
  Batch 31/318 - Loss: 0.1468
  Batch 41/318 - Loss: 0.1563
  Batch 51/318 - Loss: 0.1377
  Batch 61/318 - Loss: 0.1429
  Batch 71/318 - Loss: 0.1423
  Batch 81/318 - Loss: 0.1283
  Batch 91/318 - Loss: 0.1431
  Batch 101/318 - Loss: 0.1517
  Batch 111/318 - Loss: 0.1494
  Batch 121/318 - Loss: 0.1512
  Batch 131/318 - Loss: 0.1435
  Batch 141/318 - Loss: 0.1382
  Batch 151/318 - Loss: 0.1479
  Batch 161/318 - Loss: 0.1437
  Batch 171/318 - Loss: 0.1367
  Batch 181/318 - Loss: 0.1403
  Batch 191/318 - Loss: 0.1540
  Batch 201/318 - Loss: 0.1418
  Batch 211/318 - Loss: 0.1537
  Batch 221/318 - Loss: 0.1518
  Batch 231/318 - Loss: 0.1440
  Batch 241/318 - Loss: 0.1559
  Batch 251/318 - Loss: 0.1450
  Batch 261/318 - Loss: 0.1485
  Batch 271/318 - Loss: 0.1361
  Batch 281/318 - Loss: 0.1331
  Batch 291/318 - Loss: 0.1526
  Batch 301/318 - Loss: 0.1496
  Batch 311/318 - Loss: 0.1490
Epoch 14/50 - Train Loss: 0.1474 - 
Validation Loss: 0.1520 - Validation IoU: 0.4068
  Batch 1/318 - Loss: 0.1311
  Batch 11/318 - Loss: 0.1505
  Batch 21/318 - Loss: 0.1380
  Batch 31/318 - Loss: 0.1425
  Batch 41/318 - Loss: 0.1484
  Batch 51/318 - Loss: 0.1473
  Batch 61/318 - Loss: 0.1472
  Batch 71/318 - Loss: 0.1483
  Batch 81/318 - Loss: 0.1421
  Batch 91/318 - Loss: 0.1428
  Batch 101/318 - Loss: 0.1347
  Batch 111/318 - Loss: 0.1359
  Batch 121/318 - Loss: 0.1468
  Batch 131/318 - Loss: 0.1428
  Batch 141/318 - Loss: 0.1388
  Batch 151/318 - Loss: 0.1339
  Batch 161/318 - Loss: 0.1450
  Batch 171/318 - Loss: 0.1506
  Batch 181/318 - Loss: 0.1482
  Batch 191/318 - Loss: 0.1343
  Batch 201/318 - Loss: 0.1528
  Batch 211/318 - Loss: 0.1465
  Batch 221/318 - Loss: 0.1413
  Batch 231/318 - Loss: 0.1600
  Batch 241/318 - Loss: 0.1435
  Batch 251/318 - Loss: 0.1571
  Batch 261/318 - Loss: 0.1482
  Batch 271/318 - Loss: 0.1364
  Batch 281/318 - Loss: 0.1430
  Batch 291/318 - Loss: 0.1346
  Batch 301/318 - Loss: 0.1360
  Batch 311/318 - Loss: 0.1494
Epoch 15/50 - Train Loss: 0.1447 - 
Validation Loss: 0.1513 - Validation IoU: 0.3923
  Batch 1/318 - Loss: 0.1470
  Batch 11/318 - Loss: 0.1497
  Batch 21/318 - Loss: 0.1326
  Batch 31/318 - Loss: 0.1372
  Batch 41/318 - Loss: 0.1318
  Batch 51/318 - Loss: 0.1476
  Batch 61/318 - Loss: 0.1351
  Batch 71/318 - Loss: 0.1395
  Batch 81/318 - Loss: 0.1396
  Batch 91/318 - Loss: 0.1446
  Batch 101/318 - Loss: 0.1432
  Batch 111/318 - Loss: 0.1353
  Batch 121/318 - Loss: 0.1379
  Batch 131/318 - Loss: 0.1291
  Batch 141/318 - Loss: 0.1517
  Batch 151/318 - Loss: 0.1539
  Batch 161/318 - Loss: 0.1513
  Batch 171/318 - Loss: 0.1545
  Batch 181/318 - Loss: 0.1359
  Batch 191/318 - Loss: 0.1374
  Batch 201/318 - Loss: 0.1450
  Batch 211/318 - Loss: 0.1409
  Batch 221/318 - Loss: 0.1390
  Batch 231/318 - Loss: 0.1442
  Batch 241/318 - Loss: 0.1389
  Batch 251/318 - Loss: 0.1381
  Batch 261/318 - Loss: 0.1469
  Batch 271/318 - Loss: 0.1315
  Batch 281/318 - Loss: 0.1325
  Batch 291/318 - Loss: 0.1483
  Batch 301/318 - Loss: 0.1430
  Batch 311/318 - Loss: 0.1407
Epoch 16/50 - Train Loss: 0.1415 - 
Validation Loss: 0.1529 - Validation IoU: 0.3840
  Batch 1/318 - Loss: 0.1501
  Batch 11/318 - Loss: 0.1405
  Batch 21/318 - Loss: 0.1320
  Batch 31/318 - Loss: 0.1355
  Batch 41/318 - Loss: 0.1337
  Batch 51/318 - Loss: 0.1433
  Batch 61/318 - Loss: 0.1287
  Batch 71/318 - Loss: 0.1297
  Batch 81/318 - Loss: 0.1269
  Batch 91/318 - Loss: 0.1406
  Batch 101/318 - Loss: 0.1415
  Batch 111/318 - Loss: 0.1339
  Batch 121/318 - Loss: 0.1520
  Batch 131/318 - Loss: 0.1293
  Batch 141/318 - Loss: 0.1426
  Batch 151/318 - Loss: 0.1433
  Batch 161/318 - Loss: 0.1349
  Batch 171/318 - Loss: 0.1385
  Batch 181/318 - Loss: 0.1417
  Batch 191/318 - Loss: 0.1365
  Batch 201/318 - Loss: 0.1444
  Batch 211/318 - Loss: 0.1425
  Batch 221/318 - Loss: 0.1541
  Batch 231/318 - Loss: 0.1411
  Batch 241/318 - Loss: 0.1349
  Batch 251/318 - Loss: 0.1300
  Batch 261/318 - Loss: 0.1471
  Batch 271/318 - Loss: 0.1387
  Batch 281/318 - Loss: 0.1455
  Batch 291/318 - Loss: 0.1293
  Batch 301/318 - Loss: 0.1418
  Batch 311/318 - Loss: 0.1330
Epoch 17/50 - Train Loss: 0.1390 - 
Validation Loss: 0.1493 - Validation IoU: 0.4365
  Batch 1/318 - Loss: 0.1437
  Batch 11/318 - Loss: 0.1361
  Batch 21/318 - Loss: 0.1407
  Batch 31/318 - Loss: 0.1503
  Batch 41/318 - Loss: 0.1318
  Batch 51/318 - Loss: 0.1464
  Batch 61/318 - Loss: 0.1264
  Batch 71/318 - Loss: 0.1393
  Batch 81/318 - Loss: 0.1341
  Batch 91/318 - Loss: 0.1259
  Batch 101/318 - Loss: 0.1270
  Batch 111/318 - Loss: 0.1255
  Batch 121/318 - Loss: 0.1421
  Batch 131/318 - Loss: 0.1257
  Batch 141/318 - Loss: 0.1245
  Batch 151/318 - Loss: 0.1400
  Batch 161/318 - Loss: 0.1369
  Batch 171/318 - Loss: 0.1354
  Batch 181/318 - Loss: 0.1393
  Batch 191/318 - Loss: 0.1378
  Batch 201/318 - Loss: 0.1457
  Batch 211/318 - Loss: 0.1467
  Batch 221/318 - Loss: 0.1574
  Batch 231/318 - Loss: 0.1398
  Batch 241/318 - Loss: 0.1393
  Batch 251/318 - Loss: 0.1327
  Batch 261/318 - Loss: 0.1304
  Batch 271/318 - Loss: 0.1376
  Batch 281/318 - Loss: 0.1412
  Batch 291/318 - Loss: 0.1338
  Batch 301/318 - Loss: 0.1338
  Batch 311/318 - Loss: 0.1371
Epoch 18/50 - Train Loss: 0.1361 - 
Validation Loss: 0.1484 - Validation IoU: 0.4514
  Batch 1/318 - Loss: 0.1354
  Batch 11/318 - Loss: 0.1332
  Batch 21/318 - Loss: 0.1372
  Batch 31/318 - Loss: 0.1373
  Batch 41/318 - Loss: 0.1231
  Batch 51/318 - Loss: 0.1281
  Batch 61/318 - Loss: 0.1304
  Batch 71/318 - Loss: 0.1382
  Batch 81/318 - Loss: 0.1235
  Batch 91/318 - Loss: 0.1318
  Batch 101/318 - Loss: 0.1367
  Batch 111/318 - Loss: 0.1346
  Batch 121/318 - Loss: 0.1289
  Batch 131/318 - Loss: 0.1327
  Batch 141/318 - Loss: 0.1259
  Batch 151/318 - Loss: 0.1457
  Batch 161/318 - Loss: 0.1364
  Batch 171/318 - Loss: 0.1356
  Batch 181/318 - Loss: 0.1351
  Batch 191/318 - Loss: 0.1362
  Batch 201/318 - Loss: 0.1246
  Batch 211/318 - Loss: 0.1347
  Batch 221/318 - Loss: 0.1269
  Batch 231/318 - Loss: 0.1280
  Batch 241/318 - Loss: 0.1348
  Batch 251/318 - Loss: 0.1540
  Batch 261/318 - Loss: 0.1297
  Batch 271/318 - Loss: 0.1233
  Batch 281/318 - Loss: 0.1301
  Batch 291/318 - Loss: 0.1315
  Batch 301/318 - Loss: 0.1237
  Batch 311/318 - Loss: 0.1206
Epoch 19/50 - Train Loss: 0.1331 - 
Validation Loss: 0.1493 - Validation IoU: 0.4579
  Batch 1/318 - Loss: 0.1200
  Batch 11/318 - Loss: 0.1296
  Batch 21/318 - Loss: 0.1335
  Batch 31/318 - Loss: 0.1397
  Batch 41/318 - Loss: 0.1385
  Batch 51/318 - Loss: 0.1318
  Batch 61/318 - Loss: 0.1305
  Batch 71/318 - Loss: 0.1295
  Batch 81/318 - Loss: 0.1311
  Batch 91/318 - Loss: 0.1325
  Batch 101/318 - Loss: 0.1340
  Batch 111/318 - Loss: 0.1395
  Batch 121/318 - Loss: 0.1245
  Batch 131/318 - Loss: 0.1350
  Batch 141/318 - Loss: 0.1329
  Batch 151/318 - Loss: 0.1269
  Batch 161/318 - Loss: 0.1289
  Batch 171/318 - Loss: 0.1355
  Batch 181/318 - Loss: 0.1398
  Batch 191/318 - Loss: 0.1401
  Batch 201/318 - Loss: 0.1366
  Batch 211/318 - Loss: 0.1273
  Batch 221/318 - Loss: 0.1261
  Batch 231/318 - Loss: 0.1264
  Batch 241/318 - Loss: 0.1316
  Batch 251/318 - Loss: 0.1242
  Batch 261/318 - Loss: 0.1250
  Batch 271/318 - Loss: 0.1261
  Batch 281/318 - Loss: 0.1319
  Batch 291/318 - Loss: 0.1346
  Batch 301/318 - Loss: 0.1458
  Batch 311/318 - Loss: 0.1412
Epoch 20/50 - Train Loss: 0.1307 - 
Validation Loss: 0.1477 - Validation IoU: 0.4300
  Batch 1/318 - Loss: 0.1345
  Batch 11/318 - Loss: 0.1366
  Batch 21/318 - Loss: 0.1270
  Batch 31/318 - Loss: 0.1297
  Batch 41/318 - Loss: 0.1228
  Batch 51/318 - Loss: 0.1282
  Batch 61/318 - Loss: 0.1239
  Batch 71/318 - Loss: 0.1321
  Batch 81/318 - Loss: 0.1285
  Batch 91/318 - Loss: 0.1232
  Batch 101/318 - Loss: 0.1171
  Batch 111/318 - Loss: 0.1275
  Batch 121/318 - Loss: 0.1248
  Batch 131/318 - Loss: 0.1268
  Batch 141/318 - Loss: 0.1370
  Batch 151/318 - Loss: 0.1310
  Batch 161/318 - Loss: 0.1407
  Batch 171/318 - Loss: 0.1228
  Batch 181/318 - Loss: 0.1485
  Batch 191/318 - Loss: 0.1252
  Batch 201/318 - Loss: 0.1212
  Batch 211/318 - Loss: 0.1315
  Batch 221/318 - Loss: 0.1286
  Batch 231/318 - Loss: 0.1245
  Batch 241/318 - Loss: 0.1279
  Batch 251/318 - Loss: 0.1368
  Batch 261/318 - Loss: 0.1277
  Batch 271/318 - Loss: 0.1365
  Batch 281/318 - Loss: 0.1369
  Batch 291/318 - Loss: 0.1258
  Batch 301/318 - Loss: 0.1351
  Batch 311/318 - Loss: 0.1390
Epoch 21/50 - Train Loss: 0.1278 - 
Validation Loss: 0.1494 - Validation IoU: 0.4576
  Batch 1/318 - Loss: 0.1301
  Batch 11/318 - Loss: 0.1227
  Batch 21/318 - Loss: 0.1183
  Batch 31/318 - Loss: 0.1249
  Batch 41/318 - Loss: 0.1341
  Batch 51/318 - Loss: 0.1290
  Batch 61/318 - Loss: 0.1244
  Batch 71/318 - Loss: 0.1157
  Batch 81/318 - Loss: 0.1251
  Batch 91/318 - Loss: 0.1189
  Batch 101/318 - Loss: 0.1345
  Batch 111/318 - Loss: 0.1263
  Batch 121/318 - Loss: 0.1304
  Batch 131/318 - Loss: 0.1310
  Batch 141/318 - Loss: 0.1296
  Batch 151/318 - Loss: 0.1283
  Batch 161/318 - Loss: 0.1223
  Batch 171/318 - Loss: 0.1228
  Batch 181/318 - Loss: 0.1162
  Batch 191/318 - Loss: 0.1246
  Batch 201/318 - Loss: 0.1243
  Batch 211/318 - Loss: 0.1137
  Batch 221/318 - Loss: 0.1233
  Batch 231/318 - Loss: 0.1082
  Batch 241/318 - Loss: 0.1246
  Batch 251/318 - Loss: 0.1276
  Batch 261/318 - Loss: 0.1240
  Batch 271/318 - Loss: 0.1229
  Batch 281/318 - Loss: 0.1149
  Batch 291/318 - Loss: 0.1291
  Batch 301/318 - Loss: 0.1212
  Batch 311/318 - Loss: 0.1263
Epoch 22/50 - Train Loss: 0.1252 - 
Validation Loss: 0.1507 - Validation IoU: 0.4167
  Batch 1/318 - Loss: 0.1177
  Batch 11/318 - Loss: 0.1207
  Batch 21/318 - Loss: 0.1253
  Batch 31/318 - Loss: 0.1122
  Batch 41/318 - Loss: 0.1244
  Batch 51/318 - Loss: 0.1181
  Batch 61/318 - Loss: 0.1181
  Batch 71/318 - Loss: 0.1269
  Batch 81/318 - Loss: 0.1298
  Batch 91/318 - Loss: 0.1244
  Batch 101/318 - Loss: 0.1258
  Batch 111/318 - Loss: 0.1242
  Batch 121/318 - Loss: 0.1120
  Batch 131/318 - Loss: 0.1265
  Batch 141/318 - Loss: 0.1315
  Batch 151/318 - Loss: 0.1210
  Batch 161/318 - Loss: 0.1112
  Batch 171/318 - Loss: 0.1164
  Batch 181/318 - Loss: 0.1154
  Batch 191/318 - Loss: 0.1209
  Batch 201/318 - Loss: 0.1153
  Batch 211/318 - Loss: 0.1202
  Batch 221/318 - Loss: 0.1236
  Batch 231/318 - Loss: 0.1260
  Batch 241/318 - Loss: 0.1268
  Batch 251/318 - Loss: 0.1253
  Batch 261/318 - Loss: 0.1216
  Batch 271/318 - Loss: 0.1256
  Batch 281/318 - Loss: 0.1228
  Batch 291/318 - Loss: 0.1192
  Batch 301/318 - Loss: 0.1191
  Batch 311/318 - Loss: 0.1177
Epoch 23/50 - Train Loss: 0.1225 - 
Validation Loss: 0.1480 - Validation IoU: 0.4531
  Batch 1/318 - Loss: 0.1077
  Batch 11/318 - Loss: 0.1136
  Batch 21/318 - Loss: 0.1013
  Batch 31/318 - Loss: 0.1178
  Batch 41/318 - Loss: 0.1229
  Batch 51/318 - Loss: 0.1205
  Batch 61/318 - Loss: 0.1144
  Batch 71/318 - Loss: 0.1219
  Batch 81/318 - Loss: 0.1173
  Batch 91/318 - Loss: 0.1236
  Batch 101/318 - Loss: 0.1248
  Batch 111/318 - Loss: 0.1183
  Batch 121/318 - Loss: 0.1257
  Batch 131/318 - Loss: 0.1248
  Batch 141/318 - Loss: 0.1186
  Batch 151/318 - Loss: 0.1206
  Batch 161/318 - Loss: 0.1163
  Batch 171/318 - Loss: 0.1183
  Batch 181/318 - Loss: 0.1213
  Batch 191/318 - Loss: 0.1219
  Batch 201/318 - Loss: 0.1154
  Batch 211/318 - Loss: 0.1123
  Batch 221/318 - Loss: 0.1251
  Batch 231/318 - Loss: 0.1231
  Batch 241/318 - Loss: 0.1230
  Batch 251/318 - Loss: 0.1144
  Batch 261/318 - Loss: 0.1267
  Batch 271/318 - Loss: 0.1050
  Batch 281/318 - Loss: 0.1258
  Batch 291/318 - Loss: 0.1192
  Batch 301/318 - Loss: 0.1116
  Batch 311/318 - Loss: 0.1130
Epoch 24/50 - Train Loss: 0.1200 - 
Validation Loss: 0.1501 - Validation IoU: 0.4669
  Batch 1/318 - Loss: 0.1249
  Batch 11/318 - Loss: 0.1266
  Batch 21/318 - Loss: 0.1173
  Batch 31/318 - Loss: 0.1117
  Batch 41/318 - Loss: 0.1176
  Batch 51/318 - Loss: 0.1197
  Batch 61/318 - Loss: 0.1127
  Batch 71/318 - Loss: 0.1217
  Batch 81/318 - Loss: 0.1201
  Batch 91/318 - Loss: 0.1164
  Batch 101/318 - Loss: 0.1192
  Batch 111/318 - Loss: 0.1130
  Batch 121/318 - Loss: 0.1147
  Batch 131/318 - Loss: 0.1057
  Batch 141/318 - Loss: 0.1255
  Batch 151/318 - Loss: 0.1242
  Batch 161/318 - Loss: 0.1083
  Batch 171/318 - Loss: 0.1245
  Batch 181/318 - Loss: 0.1320
  Batch 191/318 - Loss: 0.1200
  Batch 201/318 - Loss: 0.1249
  Batch 211/318 - Loss: 0.1144
  Batch 221/318 - Loss: 0.1182
  Batch 231/318 - Loss: 0.1174
  Batch 241/318 - Loss: 0.1195
  Batch 251/318 - Loss: 0.1119
  Batch 261/318 - Loss: 0.1246
  Batch 271/318 - Loss: 0.1127
  Batch 281/318 - Loss: 0.1208
  Batch 291/318 - Loss: 0.1187
  Batch 301/318 - Loss: 0.1222
  Batch 311/318 - Loss: 0.1157
Epoch 25/50 - Train Loss: 0.1168 - 
Validation Loss: 0.1519 - Validation IoU: 0.4595
  Batch 1/318 - Loss: 0.1140
  Batch 11/318 - Loss: 0.1067
  Batch 21/318 - Loss: 0.1167
  Batch 31/318 - Loss: 0.1176
  Batch 41/318 - Loss: 0.1111
  Batch 51/318 - Loss: 0.1142
  Batch 61/318 - Loss: 0.1126
  Batch 71/318 - Loss: 0.1130
  Batch 81/318 - Loss: 0.1160
  Batch 91/318 - Loss: 0.1117
  Batch 101/318 - Loss: 0.1234
  Batch 111/318 - Loss: 0.1121
  Batch 121/318 - Loss: 0.1095
  Batch 131/318 - Loss: 0.1097
  Batch 141/318 - Loss: 0.1100
  Batch 151/318 - Loss: 0.1194
  Batch 161/318 - Loss: 0.1087
  Batch 171/318 - Loss: 0.1068
  Batch 181/318 - Loss: 0.1200
  Batch 191/318 - Loss: 0.1059
  Batch 201/318 - Loss: 0.1147
  Batch 211/318 - Loss: 0.1125
  Batch 221/318 - Loss: 0.1156
  Batch 231/318 - Loss: 0.1064
  Batch 241/318 - Loss: 0.1033
  Batch 251/318 - Loss: 0.1140
  Batch 261/318 - Loss: 0.1183
  Batch 271/318 - Loss: 0.1236
  Batch 281/318 - Loss: 0.1173
  Batch 291/318 - Loss: 0.1196
  Batch 301/318 - Loss: 0.1144
  Batch 311/318 - Loss: 0.1067
Epoch 26/50 - Train Loss: 0.1143 - 
Validation Loss: 0.1492 - Validation IoU: 0.4464
  Batch 1/318 - Loss: 0.1195
  Batch 11/318 - Loss: 0.1186
  Batch 21/318 - Loss: 0.1106
  Batch 31/318 - Loss: 0.1083
  Batch 41/318 - Loss: 0.1055
  Batch 51/318 - Loss: 0.1159
  Batch 61/318 - Loss: 0.1120
  Batch 71/318 - Loss: 0.1032
  Batch 81/318 - Loss: 0.1085
  Batch 91/318 - Loss: 0.1033
  Batch 101/318 - Loss: 0.1113
  Batch 111/318 - Loss: 0.1140
  Batch 121/318 - Loss: 0.1156
  Batch 131/318 - Loss: 0.1061
  Batch 141/318 - Loss: 0.1175
  Batch 151/318 - Loss: 0.1146
  Batch 161/318 - Loss: 0.1066
  Batch 171/318 - Loss: 0.1107
  Batch 181/318 - Loss: 0.1077
  Batch 191/318 - Loss: 0.1047
  Batch 201/318 - Loss: 0.1109
  Batch 211/318 - Loss: 0.1183
  Batch 221/318 - Loss: 0.1045
  Batch 231/318 - Loss: 0.1085
  Batch 241/318 - Loss: 0.1169
  Batch 251/318 - Loss: 0.1213
  Batch 261/318 - Loss: 0.1141
  Batch 271/318 - Loss: 0.1150
  Batch 281/318 - Loss: 0.1167
  Batch 291/318 - Loss: 0.1057
  Batch 301/318 - Loss: 0.1120
  Batch 311/318 - Loss: 0.1032
Epoch 27/50 - Train Loss: 0.1119 - 
Validation Loss: 0.1505 - Validation IoU: 0.4594
  Batch 1/318 - Loss: 0.1060
  Batch 11/318 - Loss: 0.1050
  Batch 21/318 - Loss: 0.0999
  Batch 31/318 - Loss: 0.1078
  Batch 41/318 - Loss: 0.1080
  Batch 51/318 - Loss: 0.1105
  Batch 61/318 - Loss: 0.1016
  Batch 71/318 - Loss: 0.1035
  Batch 81/318 - Loss: 0.1056
  Batch 91/318 - Loss: 0.1101
  Batch 101/318 - Loss: 0.1085
  Batch 111/318 - Loss: 0.1125
  Batch 121/318 - Loss: 0.1073
  Batch 131/318 - Loss: 0.1015
  Batch 141/318 - Loss: 0.1070
  Batch 151/318 - Loss: 0.1160
  Batch 161/318 - Loss: 0.1095
  Batch 171/318 - Loss: 0.1174
  Batch 181/318 - Loss: 0.1037
  Batch 191/318 - Loss: 0.1109
  Batch 201/318 - Loss: 0.1086
  Batch 211/318 - Loss: 0.1124
  Batch 221/318 - Loss: 0.0991
  Batch 231/318 - Loss: 0.1121
  Batch 241/318 - Loss: 0.1031
  Batch 251/318 - Loss: 0.1012
  Batch 261/318 - Loss: 0.1133
  Batch 271/318 - Loss: 0.1177
  Batch 281/318 - Loss: 0.1107
  Batch 291/318 - Loss: 0.1125
  Batch 301/318 - Loss: 0.1134
  Batch 311/318 - Loss: 0.1160
Epoch 28/50 - Train Loss: 0.1089 - 
Validation Loss: 0.1524 - Validation IoU: 0.4582
  Batch 1/318 - Loss: 0.1119
  Batch 11/318 - Loss: 0.1063
  Batch 21/318 - Loss: 0.1006
  Batch 31/318 - Loss: 0.1056
  Batch 41/318 - Loss: 0.0990
  Batch 51/318 - Loss: 0.0970
  Batch 61/318 - Loss: 0.1014
  Batch 71/318 - Loss: 0.1122
  Batch 81/318 - Loss: 0.1014
  Batch 91/318 - Loss: 0.1047
  Batch 101/318 - Loss: 0.1009
  Batch 111/318 - Loss: 0.1044
  Batch 121/318 - Loss: 0.1057
  Batch 131/318 - Loss: 0.1080
  Batch 141/318 - Loss: 0.0961
  Batch 151/318 - Loss: 0.1142
  Batch 161/318 - Loss: 0.1050
  Batch 171/318 - Loss: 0.1137
  Batch 181/318 - Loss: 0.1110
  Batch 191/318 - Loss: 0.1074
  Batch 201/318 - Loss: 0.1061
  Batch 211/318 - Loss: 0.1193
  Batch 221/318 - Loss: 0.1065
  Batch 231/318 - Loss: 0.1116
  Batch 241/318 - Loss: 0.1079
  Batch 251/318 - Loss: 0.1124
  Batch 261/318 - Loss: 0.1122
  Batch 271/318 - Loss: 0.1041
  Batch 281/318 - Loss: 0.1090
  Batch 291/318 - Loss: 0.0987
  Batch 301/318 - Loss: 0.1143
  Batch 311/318 - Loss: 0.1090
Epoch 29/50 - Train Loss: 0.1066 - 
Validation Loss: 0.1516 - Validation IoU: 0.4475
  Batch 1/318 - Loss: 0.1048
  Batch 11/318 - Loss: 0.1020
  Batch 21/318 - Loss: 0.1049
  Batch 31/318 - Loss: 0.1024
  Batch 41/318 - Loss: 0.0978
  Batch 51/318 - Loss: 0.0975
  Batch 61/318 - Loss: 0.1038
  Batch 71/318 - Loss: 0.1017
  Batch 81/318 - Loss: 0.1060
  Batch 91/318 - Loss: 0.1089
  Batch 101/318 - Loss: 0.1067
  Batch 111/318 - Loss: 0.1098
  Batch 121/318 - Loss: 0.1065
  Batch 131/318 - Loss: 0.1060
  Batch 141/318 - Loss: 0.1013
  Batch 151/318 - Loss: 0.1056
  Batch 161/318 - Loss: 0.0979
  Batch 171/318 - Loss: 0.1036
  Batch 181/318 - Loss: 0.1068
  Batch 191/318 - Loss: 0.1095
  Batch 201/318 - Loss: 0.1099
  Batch 211/318 - Loss: 0.1060
  Batch 221/318 - Loss: 0.1040
  Batch 231/318 - Loss: 0.1025
  Batch 241/318 - Loss: 0.1028
  Batch 251/318 - Loss: 0.0936
  Batch 261/318 - Loss: 0.1043
  Batch 271/318 - Loss: 0.1052
  Batch 281/318 - Loss: 0.1156
  Batch 291/318 - Loss: 0.1004
  Batch 301/318 - Loss: 0.1009
  Batch 311/318 - Loss: 0.1029
Epoch 30/50 - Train Loss: 0.1047 - 
Validation Loss: 0.1540 - Validation IoU: 0.4581
  Batch 1/318 - Loss: 0.0975
  Batch 11/318 - Loss: 0.1022
  Batch 21/318 - Loss: 0.0928
  Batch 31/318 - Loss: 0.0967
  Batch 41/318 - Loss: 0.1027
  Batch 51/318 - Loss: 0.1057
  Batch 61/318 - Loss: 0.1039
  Batch 71/318 - Loss: 0.1004
  Batch 81/318 - Loss: 0.1057
  Batch 91/318 - Loss: 0.1009
  Batch 101/318 - Loss: 0.1051
  Batch 111/318 - Loss: 0.0994
  Batch 121/318 - Loss: 0.1014
  Batch 131/318 - Loss: 0.1010
  Batch 141/318 - Loss: 0.1082
  Batch 151/318 - Loss: 0.1046
  Batch 161/318 - Loss: 0.1054
  Batch 171/318 - Loss: 0.0990
  Batch 181/318 - Loss: 0.1014
  Batch 191/318 - Loss: 0.1031
  Batch 201/318 - Loss: 0.1022
  Batch 211/318 - Loss: 0.1038
  Batch 221/318 - Loss: 0.1067
  Batch 231/318 - Loss: 0.1099
  Batch 241/318 - Loss: 0.1042
  Batch 251/318 - Loss: 0.1032
  Batch 261/318 - Loss: 0.1075
  Batch 271/318 - Loss: 0.0975
  Batch 281/318 - Loss: 0.0968
  Batch 291/318 - Loss: 0.0977
  Batch 301/318 - Loss: 0.1094
  Batch 311/318 - Loss: 0.1022
Epoch 31/50 - Train Loss: 0.1021 - 
Validation Loss: 0.1561 - Validation IoU: 0.4701
  Batch 1/318 - Loss: 0.1075
  Batch 11/318 - Loss: 0.1003
  Batch 21/318 - Loss: 0.0964
  Batch 31/318 - Loss: 0.0989
  Batch 41/318 - Loss: 0.1042
  Batch 51/318 - Loss: 0.1008
  Batch 61/318 - Loss: 0.1024
  Batch 71/318 - Loss: 0.1007
  Batch 81/318 - Loss: 0.0929
  Batch 91/318 - Loss: 0.1006
  Batch 101/318 - Loss: 0.0968
  Batch 111/318 - Loss: 0.1011
  Batch 121/318 - Loss: 0.1028
  Batch 131/318 - Loss: 0.0983
  Batch 141/318 - Loss: 0.1010
  Batch 151/318 - Loss: 0.0972
  Batch 161/318 - Loss: 0.0931
  Batch 171/318 - Loss: 0.1022
  Batch 181/318 - Loss: 0.1029
  Batch 191/318 - Loss: 0.1037
  Batch 201/318 - Loss: 0.1054
  Batch 211/318 - Loss: 0.1055
  Batch 221/318 - Loss: 0.1007
  Batch 231/318 - Loss: 0.0953
  Batch 241/318 - Loss: 0.1026
  Batch 251/318 - Loss: 0.1029
  Batch 261/318 - Loss: 0.0968
  Batch 271/318 - Loss: 0.1073
  Batch 281/318 - Loss: 0.1003
  Batch 291/318 - Loss: 0.0977
  Batch 301/318 - Loss: 0.1029
  Batch 311/318 - Loss: 0.0970
Epoch 32/50 - Train Loss: 0.1005 - 
Validation Loss: 0.1582 - Validation IoU: 0.4814
  Batch 1/318 - Loss: 0.0937
  Batch 11/318 - Loss: 0.0880
  Batch 21/318 - Loss: 0.1020
  Batch 31/318 - Loss: 0.0904
  Batch 41/318 - Loss: 0.1011
  Batch 51/318 - Loss: 0.0951
  Batch 61/318 - Loss: 0.0949
  Batch 71/318 - Loss: 0.0991
  Batch 81/318 - Loss: 0.0968
  Batch 91/318 - Loss: 0.0956
  Batch 101/318 - Loss: 0.1021
  Batch 111/318 - Loss: 0.0939
  Batch 121/318 - Loss: 0.1002
  Batch 131/318 - Loss: 0.0982
  Batch 141/318 - Loss: 0.1026
  Batch 151/318 - Loss: 0.1043
  Batch 161/318 - Loss: 0.0970
  Batch 171/318 - Loss: 0.0995
  Batch 181/318 - Loss: 0.0996
  Batch 191/318 - Loss: 0.0987
  Batch 201/318 - Loss: 0.1003
  Batch 211/318 - Loss: 0.1021
  Batch 221/318 - Loss: 0.1014
  Batch 231/318 - Loss: 0.1006
  Batch 241/318 - Loss: 0.1059
  Batch 251/318 - Loss: 0.1050
  Batch 261/318 - Loss: 0.0993
  Batch 271/318 - Loss: 0.0998
  Batch 281/318 - Loss: 0.1015
  Batch 291/318 - Loss: 0.1026
  Batch 301/318 - Loss: 0.0935
  Batch 311/318 - Loss: 0.1010
Epoch 33/50 - Train Loss: 0.0980 - 
Validation Loss: 0.1569 - Validation IoU: 0.4666
  Batch 1/318 - Loss: 0.0994
  Batch 11/318 - Loss: 0.0996
  Batch 21/318 - Loss: 0.0893
  Batch 31/318 - Loss: 0.0978
  Batch 41/318 - Loss: 0.0990
  Batch 51/318 - Loss: 0.0941
  Batch 61/318 - Loss: 0.0902
  Batch 71/318 - Loss: 0.0983
  Batch 81/318 - Loss: 0.0968
  Batch 91/318 - Loss: 0.0929
  Batch 101/318 - Loss: 0.0907
  Batch 111/318 - Loss: 0.0944
  Batch 121/318 - Loss: 0.0938
  Batch 131/318 - Loss: 0.1011
  Batch 141/318 - Loss: 0.1001
  Batch 151/318 - Loss: 0.0986
  Batch 161/318 - Loss: 0.0974
  Batch 171/318 - Loss: 0.1001
  Batch 181/318 - Loss: 0.0951
  Batch 191/318 - Loss: 0.0963
  Batch 201/318 - Loss: 0.0896
  Batch 211/318 - Loss: 0.1004
  Batch 221/318 - Loss: 0.0988
  Batch 231/318 - Loss: 0.1001
  Batch 241/318 - Loss: 0.0909
  Batch 251/318 - Loss: 0.0959
  Batch 261/318 - Loss: 0.0922
  Batch 271/318 - Loss: 0.0998
  Batch 281/318 - Loss: 0.0960
  Batch 291/318 - Loss: 0.0944
  Batch 301/318 - Loss: 0.0850
  Batch 311/318 - Loss: 0.0909
Epoch 34/50 - Train Loss: 0.0965 - 
Validation Loss: 0.1605 - Validation IoU: 0.4589
  Batch 1/318 - Loss: 0.0857
  Batch 11/318 - Loss: 0.0971
  Batch 21/318 - Loss: 0.0942
  Batch 31/318 - Loss: 0.1001
  Batch 41/318 - Loss: 0.0970
  Batch 51/318 - Loss: 0.0993
  Batch 61/318 - Loss: 0.0930
  Batch 71/318 - Loss: 0.0929
  Batch 81/318 - Loss: 0.0973
  Batch 91/318 - Loss: 0.1033
  Batch 101/318 - Loss: 0.0919
  Batch 111/318 - Loss: 0.0904
  Batch 121/318 - Loss: 0.0925
  Batch 131/318 - Loss: 0.0897
  Batch 141/318 - Loss: 0.0902
  Batch 151/318 - Loss: 0.0917
  Batch 161/318 - Loss: 0.0941
  Batch 171/318 - Loss: 0.0902
  Batch 181/318 - Loss: 0.0910
  Batch 191/318 - Loss: 0.0965
  Batch 201/318 - Loss: 0.0991
  Batch 211/318 - Loss: 0.0952
  Batch 221/318 - Loss: 0.0976
  Batch 231/318 - Loss: 0.0916
  Batch 241/318 - Loss: 0.0974
  Batch 251/318 - Loss: 0.1026
  Batch 261/318 - Loss: 0.0922
  Batch 271/318 - Loss: 0.0940
  Batch 281/318 - Loss: 0.0935
  Batch 291/318 - Loss: 0.0966
  Batch 301/318 - Loss: 0.0876
  Batch 311/318 - Loss: 0.1028
Epoch 35/50 - Train Loss: 0.0946 - 
Validation Loss: 0.1631 - Validation IoU: 0.4689
  Batch 1/318 - Loss: 0.0939
  Batch 11/318 - Loss: 0.0937
  Batch 21/318 - Loss: 0.0890
  Batch 31/318 - Loss: 0.0971
  Batch 41/318 - Loss: 0.0967
  Batch 51/318 - Loss: 0.0935
  Batch 61/318 - Loss: 0.0948
  Batch 71/318 - Loss: 0.0919
  Batch 81/318 - Loss: 0.0914
  Batch 91/318 - Loss: 0.0948
  Batch 101/318 - Loss: 0.0944
  Batch 111/318 - Loss: 0.0869
  Batch 121/318 - Loss: 0.0866
  Batch 131/318 - Loss: 0.0921
  Batch 141/318 - Loss: 0.0909
  Batch 151/318 - Loss: 0.0931
  Batch 161/318 - Loss: 0.0931
  Batch 171/318 - Loss: 0.0967
  Batch 181/318 - Loss: 0.0948
  Batch 191/318 - Loss: 0.0908
  Batch 201/318 - Loss: 0.0960
  Batch 211/318 - Loss: 0.0872
  Batch 221/318 - Loss: 0.0896
  Batch 231/318 - Loss: 0.0935
  Batch 241/318 - Loss: 0.0904
  Batch 251/318 - Loss: 0.0938
  Batch 261/318 - Loss: 0.0884
  Batch 271/318 - Loss: 0.0880
  Batch 281/318 - Loss: 0.0987
  Batch 291/318 - Loss: 0.0985
  Batch 301/318 - Loss: 0.0902
  Batch 311/318 - Loss: 0.1008
Epoch 36/50 - Train Loss: 0.0930 - 
Validation Loss: 0.1617 - Validation IoU: 0.4659
  Batch 1/318 - Loss: 0.0856
  Batch 11/318 - Loss: 0.0820
  Batch 21/318 - Loss: 0.0931
  Batch 31/318 - Loss: 0.0942
  Batch 41/318 - Loss: 0.0947
  Batch 51/318 - Loss: 0.0871
  Batch 61/318 - Loss: 0.0897
  Batch 71/318 - Loss: 0.0925
  Batch 81/318 - Loss: 0.0901
  Batch 91/318 - Loss: 0.0871
  Batch 101/318 - Loss: 0.0938
  Batch 111/318 - Loss: 0.0877
  Batch 121/318 - Loss: 0.0893
  Batch 131/318 - Loss: 0.0882
  Batch 141/318 - Loss: 0.0932
  Batch 151/318 - Loss: 0.0870
  Batch 161/318 - Loss: 0.0951
  Batch 171/318 - Loss: 0.0940
  Batch 181/318 - Loss: 0.0879
  Batch 191/318 - Loss: 0.0955
  Batch 201/318 - Loss: 0.0971
  Batch 211/318 - Loss: 0.0911
  Batch 221/318 - Loss: 0.0893
  Batch 231/318 - Loss: 0.0882
  Batch 241/318 - Loss: 0.0878
  Batch 251/318 - Loss: 0.0863
  Batch 261/318 - Loss: 0.0990
  Batch 271/318 - Loss: 0.0920
  Batch 281/318 - Loss: 0.0836
  Batch 291/318 - Loss: 0.0862
  Batch 301/318 - Loss: 0.0927
  Batch 311/318 - Loss: 0.0915
Epoch 37/50 - Train Loss: 0.0913 - 
Validation Loss: 0.1637 - Validation IoU: 0.4653
  Batch 1/318 - Loss: 0.0869
  Batch 11/318 - Loss: 0.0884
  Batch 21/318 - Loss: 0.0940
  Batch 31/318 - Loss: 0.0850
  Batch 41/318 - Loss: 0.0885
  Batch 51/318 - Loss: 0.0878
  Batch 61/318 - Loss: 0.0886
  Batch 71/318 - Loss: 0.0903
  Batch 81/318 - Loss: 0.0883
  Batch 91/318 - Loss: 0.0925
  Batch 101/318 - Loss: 0.0884
  Batch 111/318 - Loss: 0.0903
  Batch 121/318 - Loss: 0.0909
  Batch 131/318 - Loss: 0.0858
  Batch 141/318 - Loss: 0.0948
  Batch 151/318 - Loss: 0.0873
  Batch 161/318 - Loss: 0.0858
  Batch 171/318 - Loss: 0.0835
  Batch 181/318 - Loss: 0.0895
  Batch 191/318 - Loss: 0.0937
  Batch 201/318 - Loss: 0.0925
  Batch 211/318 - Loss: 0.0914
  Batch 221/318 - Loss: 0.0974
  Batch 231/318 - Loss: 0.0898
  Batch 241/318 - Loss: 0.0899
  Batch 251/318 - Loss: 0.0923
  Batch 261/318 - Loss: 0.0894
  Batch 271/318 - Loss: 0.0860
  Batch 281/318 - Loss: 0.0896
  Batch 291/318 - Loss: 0.0887
  Batch 301/318 - Loss: 0.0931
  Batch 311/318 - Loss: 0.0902
Epoch 38/50 - Train Loss: 0.0901 - 
Validation Loss: 0.1653 - Validation IoU: 0.4626
  Batch 1/318 - Loss: 0.0903
  Batch 11/318 - Loss: 0.0896
  Batch 21/318 - Loss: 0.0889
  Batch 31/318 - Loss: 0.0875
  Batch 41/318 - Loss: 0.0872
  Batch 51/318 - Loss: 0.0858
  Batch 61/318 - Loss: 0.0928
  Batch 71/318 - Loss: 0.0813
  Batch 81/318 - Loss: 0.0857
  Batch 91/318 - Loss: 0.0824
  Batch 101/318 - Loss: 0.0855
  Batch 111/318 - Loss: 0.0947
  Batch 121/318 - Loss: 0.0920
  Batch 131/318 - Loss: 0.0850
  Batch 141/318 - Loss: 0.0844
  Batch 151/318 - Loss: 0.0867
  Batch 161/318 - Loss: 0.0903
  Batch 171/318 - Loss: 0.0833
  Batch 181/318 - Loss: 0.0854
  Batch 191/318 - Loss: 0.0823
  Batch 201/318 - Loss: 0.0848
  Batch 211/318 - Loss: 0.0884
  Batch 221/318 - Loss: 0.0912
  Batch 231/318 - Loss: 0.0887
  Batch 241/318 - Loss: 0.0906
  Batch 251/318 - Loss: 0.0919
  Batch 261/318 - Loss: 0.0857
  Batch 271/318 - Loss: 0.0934
  Batch 281/318 - Loss: 0.0886
  Batch 291/318 - Loss: 0.0893
  Batch 301/318 - Loss: 0.0863
  Batch 311/318 - Loss: 0.0919
Epoch 39/50 - Train Loss: 0.0885 - 
Validation Loss: 0.1663 - Validation IoU: 0.4784
  Batch 1/318 - Loss: 0.0813
  Batch 11/318 - Loss: 0.0801
  Batch 21/318 - Loss: 0.0839
  Batch 31/318 - Loss: 0.0842
  Batch 41/318 - Loss: 0.0787
  Batch 51/318 - Loss: 0.0941
  Batch 61/318 - Loss: 0.0828
  Batch 71/318 - Loss: 0.0881
  Batch 81/318 - Loss: 0.0822
  Batch 91/318 - Loss: 0.0866
  Batch 101/318 - Loss: 0.0893
  Batch 111/318 - Loss: 0.0843
  Batch 121/318 - Loss: 0.0863
  Batch 131/318 - Loss: 0.0890
  Batch 141/318 - Loss: 0.0866
  Batch 151/318 - Loss: 0.0872
  Batch 161/318 - Loss: 0.0877
  Batch 171/318 - Loss: 0.0890
  Batch 181/318 - Loss: 0.0874
  Batch 191/318 - Loss: 0.0893
  Batch 201/318 - Loss: 0.0954
  Batch 211/318 - Loss: 0.0872
  Batch 221/318 - Loss: 0.0903
  Batch 231/318 - Loss: 0.0928
  Batch 241/318 - Loss: 0.0861
  Batch 251/318 - Loss: 0.0855
  Batch 261/318 - Loss: 0.0978
  Batch 271/318 - Loss: 0.0863
  Batch 281/318 - Loss: 0.0809
  Batch 291/318 - Loss: 0.0915
  Batch 301/318 - Loss: 0.0857
  Batch 311/318 - Loss: 0.0917
Epoch 40/50 - Train Loss: 0.0874 - 
Validation Loss: 0.1690 - Validation IoU: 0.4653
  Batch 1/318 - Loss: 0.0812
  Batch 11/318 - Loss: 0.0857
  Batch 21/318 - Loss: 0.0845
  Batch 31/318 - Loss: 0.0866
  Batch 41/318 - Loss: 0.0872
  Batch 51/318 - Loss: 0.0820
  Batch 61/318 - Loss: 0.0806
  Batch 71/318 - Loss: 0.0848
  Batch 81/318 - Loss: 0.0857
  Batch 91/318 - Loss: 0.0820
  Batch 101/318 - Loss: 0.0903
  Batch 111/318 - Loss: 0.0852
  Batch 121/318 - Loss: 0.0823
  Batch 131/318 - Loss: 0.0905
  Batch 141/318 - Loss: 0.0854
  Batch 151/318 - Loss: 0.0836
  Batch 161/318 - Loss: 0.0923
  Batch 171/318 - Loss: 0.0893
  Batch 181/318 - Loss: 0.0857
  Batch 191/318 - Loss: 0.0878
  Batch 201/318 - Loss: 0.0941
  Batch 211/318 - Loss: 0.0867
  Batch 221/318 - Loss: 0.0834
  Batch 231/318 - Loss: 0.0914
  Batch 241/318 - Loss: 0.0866
  Batch 251/318 - Loss: 0.0866
  Batch 261/318 - Loss: 0.0861
  Batch 271/318 - Loss: 0.0825
  Batch 281/318 - Loss: 0.0859
  Batch 291/318 - Loss: 0.0869
  Batch 301/318 - Loss: 0.0864
  Batch 311/318 - Loss: 0.0919
Epoch 41/50 - Train Loss: 0.0863 - 
Validation Loss: 0.1685 - Validation IoU: 0.4783
  Batch 1/318 - Loss: 0.0794
  Batch 11/318 - Loss: 0.0799
  Batch 21/318 - Loss: 0.0835
  Batch 31/318 - Loss: 0.0752
  Batch 41/318 - Loss: 0.0836
  Batch 51/318 - Loss: 0.0867
  Batch 61/318 - Loss: 0.0843
  Batch 71/318 - Loss: 0.0800
  Batch 81/318 - Loss: 0.0818
  Batch 91/318 - Loss: 0.0913
  Batch 101/318 - Loss: 0.0835
  Batch 111/318 - Loss: 0.0826
  Batch 121/318 - Loss: 0.0837
  Batch 131/318 - Loss: 0.0908
  Batch 141/318 - Loss: 0.0862
  Batch 151/318 - Loss: 0.0839
  Batch 161/318 - Loss: 0.0844
  Batch 171/318 - Loss: 0.0863
  Batch 181/318 - Loss: 0.0874
  Batch 191/318 - Loss: 0.0913
  Batch 201/318 - Loss: 0.0845
  Batch 211/318 - Loss: 0.0819
  Batch 221/318 - Loss: 0.0909
  Batch 231/318 - Loss: 0.0821
  Batch 241/318 - Loss: 0.0860
  Batch 251/318 - Loss: 0.0827
  Batch 261/318 - Loss: 0.0829
  Batch 271/318 - Loss: 0.0840
  Batch 281/318 - Loss: 0.0858
  Batch 291/318 - Loss: 0.0862
  Batch 301/318 - Loss: 0.0822
  Batch 311/318 - Loss: 0.0829
Epoch 42/50 - Train Loss: 0.0849 - 
Validation Loss: 0.1691 - Validation IoU: 0.4670
  Batch 1/318 - Loss: 0.0834
  Batch 11/318 - Loss: 0.0804
  Batch 21/318 - Loss: 0.0824
  Batch 31/318 - Loss: 0.0809
  Batch 41/318 - Loss: 0.0844
  Batch 51/318 - Loss: 0.0878
  Batch 61/318 - Loss: 0.0827
  Batch 71/318 - Loss: 0.0792
  Batch 81/318 - Loss: 0.0870
  Batch 91/318 - Loss: 0.0804
  Batch 101/318 - Loss: 0.0863
  Batch 111/318 - Loss: 0.0815
  Batch 121/318 - Loss: 0.0882
  Batch 131/318 - Loss: 0.0899
  Batch 141/318 - Loss: 0.0875
  Batch 151/318 - Loss: 0.0889
  Batch 161/318 - Loss: 0.0779
  Batch 171/318 - Loss: 0.0859
  Batch 181/318 - Loss: 0.0865
  Batch 191/318 - Loss: 0.0836
  Batch 201/318 - Loss: 0.0866
  Batch 211/318 - Loss: 0.0831
  Batch 221/318 - Loss: 0.0829
  Batch 231/318 - Loss: 0.0827
  Batch 241/318 - Loss: 0.0819
  Batch 251/318 - Loss: 0.0852
  Batch 261/318 - Loss: 0.0887
  Batch 271/318 - Loss: 0.0856
  Batch 281/318 - Loss: 0.0804
  Batch 291/318 - Loss: 0.0880
  Batch 301/318 - Loss: 0.0883
  Batch 311/318 - Loss: 0.0846
Epoch 43/50 - Train Loss: 0.0837 - 
Validation Loss: 0.1716 - Validation IoU: 0.4767
  Batch 1/318 - Loss: 0.0860
  Batch 11/318 - Loss: 0.0809
  Batch 21/318 - Loss: 0.0815
  Batch 31/318 - Loss: 0.0770
  Batch 41/318 - Loss: 0.0792
  Batch 51/318 - Loss: 0.0799
  Batch 61/318 - Loss: 0.0845
  Batch 71/318 - Loss: 0.0817
  Batch 81/318 - Loss: 0.0841
  Batch 91/318 - Loss: 0.0810
  Batch 101/318 - Loss: 0.0842
  Batch 111/318 - Loss: 0.0803
  Batch 121/318 - Loss: 0.0838
  Batch 131/318 - Loss: 0.0771
  Batch 141/318 - Loss: 0.0827
  Batch 151/318 - Loss: 0.0819
  Batch 161/318 - Loss: 0.0864
  Batch 171/318 - Loss: 0.0782
  Batch 181/318 - Loss: 0.0817
  Batch 191/318 - Loss: 0.0823
  Batch 201/318 - Loss: 0.0793
  Batch 211/318 - Loss: 0.0846
  Batch 221/318 - Loss: 0.0873
  Batch 231/318 - Loss: 0.0820
  Batch 241/318 - Loss: 0.0771
  Batch 251/318 - Loss: 0.0777
  Batch 261/318 - Loss: 0.0847
  Batch 271/318 - Loss: 0.0833
  Batch 281/318 - Loss: 0.0774
  Batch 291/318 - Loss: 0.0822
  Batch 301/318 - Loss: 0.0849
  Batch 311/318 - Loss: 0.0820
Epoch 44/50 - Train Loss: 0.0829 - 
Validation Loss: 0.1739 - Validation IoU: 0.4663
  Batch 1/318 - Loss: 0.0769
  Batch 11/318 - Loss: 0.0756
  Batch 21/318 - Loss: 0.0813
  Batch 31/318 - Loss: 0.0838
  Batch 41/318 - Loss: 0.0829
  Batch 51/318 - Loss: 0.0868
  Batch 61/318 - Loss: 0.0792
  Batch 71/318 - Loss: 0.0828
  Batch 81/318 - Loss: 0.0806
  Batch 91/318 - Loss: 0.0907
  Batch 101/318 - Loss: 0.0859
  Batch 111/318 - Loss: 0.0795
  Batch 121/318 - Loss: 0.0809
  Batch 131/318 - Loss: 0.0802
  Batch 141/318 - Loss: 0.0798
  Batch 151/318 - Loss: 0.0867
  Batch 161/318 - Loss: 0.0832
  Batch 171/318 - Loss: 0.0827
  Batch 181/318 - Loss: 0.0815
  Batch 191/318 - Loss: 0.0851
  Batch 201/318 - Loss: 0.0811
  Batch 211/318 - Loss: 0.0814
  Batch 221/318 - Loss: 0.0784
  Batch 231/318 - Loss: 0.0861
  Batch 241/318 - Loss: 0.0830
  Batch 251/318 - Loss: 0.0794
  Batch 261/318 - Loss: 0.0851
  Batch 271/318 - Loss: 0.0799
  Batch 281/318 - Loss: 0.0804
  Batch 291/318 - Loss: 0.0798
  Batch 301/318 - Loss: 0.0870
  Batch 311/318 - Loss: 0.0792
Epoch 45/50 - Train Loss: 0.0819 - 
Validation Loss: 0.1742 - Validation IoU: 0.4751
  Batch 1/318 - Loss: 0.0796
  Batch 11/318 - Loss: 0.0808
  Batch 21/318 - Loss: 0.0858
  Batch 31/318 - Loss: 0.0762
  Batch 41/318 - Loss: 0.0873
  Batch 51/318 - Loss: 0.0789
  Batch 61/318 - Loss: 0.0848
  Batch 71/318 - Loss: 0.0748
  Batch 81/318 - Loss: 0.0753
  Batch 91/318 - Loss: 0.0808
  Batch 101/318 - Loss: 0.0800
  Batch 111/318 - Loss: 0.0746
  Batch 121/318 - Loss: 0.0865
  Batch 131/318 - Loss: 0.0834
  Batch 141/318 - Loss: 0.0791
  Batch 151/318 - Loss: 0.0803
  Batch 161/318 - Loss: 0.0762
  Batch 171/318 - Loss: 0.0750
  Batch 181/318 - Loss: 0.0780
  Batch 191/318 - Loss: 0.0825
  Batch 201/318 - Loss: 0.0793
  Batch 211/318 - Loss: 0.0811
  Batch 221/318 - Loss: 0.0826
  Batch 231/318 - Loss: 0.0826
  Batch 241/318 - Loss: 0.0852
  Batch 251/318 - Loss: 0.0744
  Batch 261/318 - Loss: 0.0777
  Batch 271/318 - Loss: 0.0819
  Batch 281/318 - Loss: 0.0797
  Batch 291/318 - Loss: 0.0823
  Batch 301/318 - Loss: 0.0762
  Batch 311/318 - Loss: 0.0860
Epoch 46/50 - Train Loss: 0.0808 - 
Validation Loss: 0.1765 - Validation IoU: 0.4791
  Batch 1/318 - Loss: 0.0779
  Batch 11/318 - Loss: 0.0845
  Batch 21/318 - Loss: 0.0787
  Batch 31/318 - Loss: 0.0746
  Batch 41/318 - Loss: 0.0758
  Batch 51/318 - Loss: 0.0761
  Batch 61/318 - Loss: 0.0785
  Batch 71/318 - Loss: 0.0811
  Batch 81/318 - Loss: 0.0883
  Batch 91/318 - Loss: 0.0843
  Batch 101/318 - Loss: 0.0856
  Batch 111/318 - Loss: 0.0847
  Batch 121/318 - Loss: 0.0818
  Batch 131/318 - Loss: 0.0788
  Batch 141/318 - Loss: 0.0774
  Batch 151/318 - Loss: 0.0810
  Batch 161/318 - Loss: 0.0817
  Batch 171/318 - Loss: 0.0760
  Batch 181/318 - Loss: 0.0841
  Batch 191/318 - Loss: 0.0785
  Batch 201/318 - Loss: 0.0786
  Batch 211/318 - Loss: 0.0815
  Batch 221/318 - Loss: 0.0826
  Batch 231/318 - Loss: 0.0842
  Batch 241/318 - Loss: 0.0865
  Batch 251/318 - Loss: 0.0875
  Batch 261/318 - Loss: 0.0802
  Batch 271/318 - Loss: 0.0779
  Batch 281/318 - Loss: 0.0824
  Batch 291/318 - Loss: 0.0819
  Batch 301/318 - Loss: 0.0803
  Batch 311/318 - Loss: 0.0803
Epoch 47/50 - Train Loss: 0.0799 - 
Validation Loss: 0.1782 - Validation IoU: 0.4840
  Batch 1/318 - Loss: 0.0810
  Batch 11/318 - Loss: 0.0798
  Batch 21/318 - Loss: 0.0742
  Batch 31/318 - Loss: 0.0753
  Batch 41/318 - Loss: 0.0782
  Batch 51/318 - Loss: 0.0809
  Batch 61/318 - Loss: 0.0817
  Batch 71/318 - Loss: 0.0823
  Batch 81/318 - Loss: 0.0760
  Batch 91/318 - Loss: 0.0783
  Batch 101/318 - Loss: 0.0794
  Batch 111/318 - Loss: 0.0756
  Batch 121/318 - Loss: 0.0783
  Batch 131/318 - Loss: 0.0785
  Batch 141/318 - Loss: 0.0782
  Batch 151/318 - Loss: 0.0696
  Batch 161/318 - Loss: 0.0753
  Batch 171/318 - Loss: 0.0777
  Batch 181/318 - Loss: 0.0836
  Batch 191/318 - Loss: 0.0839
  Batch 201/318 - Loss: 0.0799
  Batch 211/318 - Loss: 0.0763
  Batch 221/318 - Loss: 0.0782
  Batch 231/318 - Loss: 0.0753
  Batch 241/318 - Loss: 0.0794
  Batch 251/318 - Loss: 0.0785
  Batch 261/318 - Loss: 0.0779
  Batch 271/318 - Loss: 0.0779
  Batch 281/318 - Loss: 0.0787
  Batch 291/318 - Loss: 0.0735
  Batch 301/318 - Loss: 0.0763
  Batch 311/318 - Loss: 0.0755
Epoch 48/50 - Train Loss: 0.0790 - 
Validation Loss: 0.1754 - Validation IoU: 0.4683
  Batch 1/318 - Loss: 0.0779
  Batch 11/318 - Loss: 0.0785
  Batch 21/318 - Loss: 0.0725
  Batch 31/318 - Loss: 0.0758
  Batch 41/318 - Loss: 0.0789
  Batch 51/318 - Loss: 0.0768
  Batch 61/318 - Loss: 0.0758
  Batch 71/318 - Loss: 0.0774
  Batch 81/318 - Loss: 0.0690
  Batch 91/318 - Loss: 0.0754
  Batch 101/318 - Loss: 0.0733
  Batch 111/318 - Loss: 0.0811
  Batch 121/318 - Loss: 0.0822
  Batch 131/318 - Loss: 0.0795
  Batch 141/318 - Loss: 0.0750
  Batch 151/318 - Loss: 0.0738
  Batch 161/318 - Loss: 0.0790
  Batch 171/318 - Loss: 0.0791
  Batch 181/318 - Loss: 0.0821
  Batch 191/318 - Loss: 0.0710
  Batch 201/318 - Loss: 0.0784
  Batch 211/318 - Loss: 0.0760
  Batch 221/318 - Loss: 0.0779
  Batch 231/318 - Loss: 0.0758
  Batch 241/318 - Loss: 0.0829
  Batch 251/318 - Loss: 0.0777
  Batch 261/318 - Loss: 0.0801
  Batch 271/318 - Loss: 0.0825
  Batch 281/318 - Loss: 0.0824
  Batch 291/318 - Loss: 0.0797
  Batch 301/318 - Loss: 0.0757
  Batch 311/318 - Loss: 0.0799
Epoch 49/50 - Train Loss: 0.0783 - 
Validation Loss: 0.1782 - Validation IoU: 0.4747
  Batch 1/318 - Loss: 0.0778
  Batch 11/318 - Loss: 0.0796
  Batch 21/318 - Loss: 0.0740
  Batch 31/318 - Loss: 0.0775
  Batch 41/318 - Loss: 0.0801
  Batch 51/318 - Loss: 0.0741
  Batch 61/318 - Loss: 0.0777
  Batch 71/318 - Loss: 0.0787
  Batch 81/318 - Loss: 0.0772
  Batch 91/318 - Loss: 0.0746
  Batch 101/318 - Loss: 0.0761
  Batch 111/318 - Loss: 0.0763
  Batch 121/318 - Loss: 0.0776
  Batch 131/318 - Loss: 0.0779
  Batch 141/318 - Loss: 0.0745
  Batch 151/318 - Loss: 0.0778
  Batch 161/318 - Loss: 0.0780
  Batch 171/318 - Loss: 0.0773
  Batch 181/318 - Loss: 0.0776
  Batch 191/318 - Loss: 0.0794
  Batch 201/318 - Loss: 0.0739
  Batch 211/318 - Loss: 0.0865
  Batch 221/318 - Loss: 0.0741
  Batch 231/318 - Loss: 0.0801
  Batch 241/318 - Loss: 0.0744
  Batch 251/318 - Loss: 0.0765
  Batch 261/318 - Loss: 0.0774
  Batch 271/318 - Loss: 0.0782
  Batch 281/318 - Loss: 0.0767
  Batch 291/318 - Loss: 0.0767
  Batch 301/318 - Loss: 0.0796
  Batch 311/318 - Loss: 0.0772
Epoch 50/50 - Train Loss: 0.0776 - 
Validation Loss: 0.1788 - Validation IoU: 0.4772
6780
Completed: Sat Dec  6 15:20:27 CST 2025
